=== gbdt-MAP-Elites -- small-graph (n=1357, feat=740, eval=C-kernel) ===
seed front HV = -1,829,913  gap +6
gbdt backend: lightgbm
round 1/500: niche t=118 | front HV -1,829,913  gap +6 | evals 6003 | 12s
round 2/500: niche t=235 | front HV -1,829,913  gap +6 | evals 12006 | 24s
round 3/500: niche t=352 | front HV -1,829,913  gap +6 | evals 18009 | 36s
round 4/500: niche t=469 | front HV -1,829,913  gap +6 | evals 24012 | 49s
round 5/500: niche t=574 | front HV -1,829,913  gap +6 | evals 30015 | 60s
round 6/500: niche t=678 | front HV -1,829,913  gap +6 | evals 36018 | 148s
round 7/500: niche t=775 | front HV -1,829,913  gap +6 | evals 42021 | 162s
round 8/500: niche t=867 | front HV -1,829,913  gap +6 | evals 48024 | 173s
round 9/500: niche t=923 | front HV -1,829,913  gap +6 | evals 54027 | 185s
round 10/500: niche t=971 | front HV -1,829,913  gap +6 | evals 60030 | 198s
round 11/500: niche t=1011 | front HV -1,829,913  gap +6 | evals 66033 | 284s
round 12/500: niche t=1043 | front HV -1,829,913  gap +6 | evals 72036 | 296s
round 13/500: niche t=1067 | front HV -1,829,913  gap +6 | evals 78039 | 309s
round 14/500: niche t=1083 | front HV -1,829,913  gap +6 | evals 84042 | 321s
round 15/500: niche t=1355 | front HV -1,829,913  gap +6 | evals 90045 | 335s
round 16/500: niche t=118 | front HV -1,829,913  gap +6 | evals 96048 | 422s
round 17/500: niche t=235 | front HV -1,829,913  gap +6 | evals 102051 | 434s
round 18/500: niche t=352 | front HV -1,829,913  gap +6 | evals 108054 | 446s
round 19/500: niche t=469 | front HV -1,829,913  gap +6 | evals 114057 | 460s
round 20/500: niche t=574 | front HV -1,829,913  gap +6 | evals 120060 | 474s
round 21/500: niche t=678 | front HV -1,829,913  gap +6 | evals 126063 | 563s
round 22/500: niche t=775 | front HV -1,829,913  gap +6 | evals 132066 | 578s
round 23/500: niche t=867 | front HV -1,829,913  gap +6 | evals 138069 | 594s
round 24/500: niche t=923 | front HV -1,829,913  gap +6 | evals 144072 | 606s
round 25/500: niche t=971 | front HV -1,829,913  gap +6 | evals 150075 | 617s
round 26/500: niche t=1011 | front HV -1,829,913  gap +6 | evals 156078 | 704s
round 27/500: niche t=1043 | front HV -1,829,913  gap +6 | evals 162081 | 714s
round 28/500: niche t=1067 | front HV -1,829,913  gap +6 | evals 168084 | 727s
round 29/500: niche t=1083 | front HV -1,829,913  gap +6 | evals 174087 | 740s
round 30/500: niche t=1355 | front HV -1,829,913  gap +6 | evals 180090 | 754s
round 31/500: niche t=118 | front HV -1,829,913  gap +6 | evals 186093 | 840s
round 32/500: niche t=235 | front HV -1,829,913  gap +6 | evals 192096 | 853s
round 33/500: niche t=352 | front HV -1,829,913  gap +6 | evals 198099 | 865s
round 34/500: niche t=469 | front HV -1,829,913  gap +6 | evals 204102 | 878s
round 35/500: niche t=574 | front HV -1,829,913  gap +6 | evals 210105 | 892s
round 36/500: niche t=678 | front HV -1,829,913  gap +6 | evals 216108 | 983s
round 37/500: niche t=775 | front HV -1,829,913  gap +6 | evals 222111 | 1001s
round 38/500: niche t=867 | front HV -1,829,913  gap +6 | evals 228114 | 1016s
round 39/500: niche t=923 | front HV -1,829,913  gap +6 | evals 234117 | 1032s
round 40/500: niche t=971 | front HV -1,829,913  gap +6 | evals 240120 | 1047s
round 41/500: niche t=1011 | front HV -1,829,913  gap +6 | evals 246123 | 1141s
round 42/500: niche t=1043 | front HV -1,829,913  gap +6 | evals 252126 | 1157s
round 43/500: niche t=1067 | front HV -1,829,913  gap +6 | evals 258129 | 1176s
round 44/500: niche t=1083 | front HV -1,829,913  gap +6 | evals 264132 | 1192s
round 45/500: niche t=1355 | front HV -1,829,913  gap +6 | evals 270135 | 1208s
round 46/500: niche t=118 | front HV -1,829,913  gap +6 | evals 276138 | 1297s
round 47/500: niche t=235 | front HV -1,829,913  gap +6 | evals 282141 | 1322s
round 48/500: niche t=352 | front HV -1,829,913  gap +6 | evals 288144 | 1344s
round 49/500: niche t=469 | front HV -1,829,913  gap +6 | evals 294147 | 1357s
round 50/500: niche t=574 | front HV -1,829,913  gap +6 | evals 300150 | 1372s
round 51/500: niche t=678 | front HV -1,829,913  gap +6 | evals 306153 | 1460s
round 52/500: niche t=775 | front HV -1,829,913  gap +6 | evals 312156 | 1473s
round 53/500: niche t=867 | front HV -1,829,913  gap +6 | evals 318159 | 1487s
round 54/500: niche t=923 | front HV -1,829,913  gap +6 | evals 324162 | 1509s
round 55/500: niche t=971 | front HV -1,829,913  gap +6 | evals 330165 | 1523s
round 56/500: niche t=1011 | front HV -1,829,913  gap +6 | evals 336168 | 1610s
round 57/500: niche t=1043 | front HV -1,829,913  gap +6 | evals 342171 | 1622s
round 58/500: niche t=1067 | front HV -1,829,913  gap +6 | evals 348174 | 1634s
round 59/500: niche t=1083 | front HV -1,829,913  gap +6 | evals 354177 | 1647s
round 60/500: niche t=1355 | front HV -1,829,913  gap +6 | evals 360180 | 1661s
round 61/500: niche t=118 | front HV -1,829,913  gap +6 | evals 366183 | 1746s
round 62/500: niche t=235 | front HV -1,829,913  gap +6 | evals 372186 | 1758s
round 63/500: niche t=352 | front HV -1,829,913  gap +6 | evals 378189 | 1770s
round 64/500: niche t=469 | front HV -1,829,913  gap +6 | evals 384192 | 1785s
round 65/500: niche t=574 | front HV -1,829,913  gap +6 | evals 390195 | 1797s
round 66/500: niche t=678 | front HV -1,829,913  gap +6 | evals 396198 | 1885s
round 67/500: niche t=775 | front HV -1,829,913  gap +6 | evals 402201 | 1900s
round 68/500: niche t=867 | front HV -1,829,913  gap +6 | evals 408204 | 1913s
round 69/500: niche t=923 | front HV -1,829,913  gap +6 | evals 414207 | 1926s
round 70/500: niche t=971 | front HV -1,829,913  gap +6 | evals 420210 | 1940s
round 71/500: niche t=1011 | front HV -1,829,913  gap +6 | evals 426213 | 2028s
round 72/500: niche t=1043 | front HV -1,829,913  gap +6 | evals 432216 | 2041s
round 73/500: niche t=1067 | front HV -1,829,913  gap +6 | evals 438219 | 2053s
round 74/500: niche t=1083 | front HV -1,829,913  gap +6 | evals 444222 | 2065s
round 75/500: niche t=1355 | front HV -1,829,913  gap +6 | evals 450225 | 2079s
round 76/500: niche t=118 | front HV -1,829,913  gap +6 | evals 456228 | 2161s
round 77/500: niche t=235 | front HV -1,829,913  gap +6 | evals 462231 | 2172s
round 78/500: niche t=352 | front HV -1,829,913  gap +6 | evals 468234 | 2182s
round 79/500: niche t=469 | front HV -1,829,913  gap +6 | evals 474237 | 2193s
round 80/500: niche t=574 | front HV -1,829,913  gap +6 | evals 480240 | 2203s
round 81/500: niche t=678 | front HV -1,829,913  gap +6 | evals 486243 | 2286s
round 82/500: niche t=775 | front HV -1,829,913  gap +6 | evals 492246 | 2297s
round 83/500: niche t=867 | front HV -1,829,913  gap +6 | evals 498249 | 2308s
round 84/500: niche t=923 | front HV -1,829,913  gap +6 | evals 504252 | 2318s
round 85/500: niche t=971 | front HV -1,829,913  gap +6 | evals 510255 | 2328s
round 86/500: niche t=1011 | front HV -1,829,913  gap +6 | evals 516258 | 2412s
round 87/500: niche t=1043 | front HV -1,829,913  gap +6 | evals 522261 | 2423s
round 88/500: niche t=1067 | front HV -1,829,913  gap +6 | evals 528264 | 2434s
round 89/500: niche t=1083 | front HV -1,829,913  gap +6 | evals 534267 | 2444s
round 90/500: niche t=1355 | front HV -1,829,913  gap +6 | evals 540270 | 2456s
round 91/500: niche t=118 | front HV -1,829,913  gap +6 | evals 546273 | 2539s
round 92/500: niche t=235 | front HV -1,829,913  gap +6 | evals 552276 | 2550s
round 93/500: niche t=352 | front HV -1,829,913  gap +6 | evals 558279 | 2560s
round 94/500: niche t=469 | front HV -1,829,913  gap +6 | evals 564282 | 2570s
round 95/500: niche t=574 | front HV -1,829,913  gap +6 | evals 570285 | 2584s
round 96/500: niche t=678 | front HV -1,829,913  gap +6 | evals 576288 | 2666s
round 97/500: niche t=775 | front HV -1,829,913  gap +6 | evals 582291 | 2677s
round 98/500: niche t=867 | front HV -1,829,913  gap +6 | evals 588294 | 2688s
round 99/500: niche t=923 | front HV -1,829,913  gap +6 | evals 594297 | 2698s
round 100/500: niche t=971 | front HV -1,829,913  gap +6 | evals 600300 | 2709s
round 101/500: niche t=1011 | front HV -1,829,913  gap +6 | evals 606303 | 2793s
round 102/500: niche t=1043 | front HV -1,829,913  gap +6 | evals 612306 | 2804s
round 103/500: niche t=1067 | front HV -1,829,913  gap +6 | evals 618309 | 2815s
round 104/500: niche t=1083 | front HV -1,829,913  gap +6 | evals 624312 | 2826s
round 105/500: niche t=1355 | front HV -1,829,913  gap +6 | evals 630315 | 2838s
round 106/500: niche t=118 | front HV -1,829,913  gap +6 | evals 636318 | 2922s
round 107/500: niche t=235 | front HV -1,829,913  gap +6 | evals 642321 | 2932s
round 108/500: niche t=352 | front HV -1,829,913  gap +6 | evals 648324 | 2942s
round 109/500: niche t=469 | front HV -1,829,913  gap +6 | evals 654327 | 2952s
round 110/500: niche t=574 | front HV -1,829,913  gap +6 | evals 660330 | 2963s
round 111/500: niche t=678 | front HV -1,829,913  gap +6 | evals 666333 | 3050s
round 112/500: niche t=775 | front HV -1,829,913  gap +6 | evals 672336 | 3062s
round 113/500: niche t=867 | front HV -1,829,913  gap +6 | evals 678339 | 3076s
round 114/500: niche t=923 | front HV -1,829,913  gap +6 | evals 684342 | 3090s
round 115/500: niche t=971 | front HV -1,829,913  gap +6 | evals 690345 | 3104s
round 116/500: niche t=1011 | front HV -1,829,913  gap +6 | evals 696348 | 3196s
round 117/500: niche t=1043 | front HV -1,829,913  gap +6 | evals 702351 | 3209s
round 118/500: niche t=1067 | front HV -1,829,913  gap +6 | evals 708354 | 3223s
round 119/500: niche t=1083 | front HV -1,829,913  gap +6 | evals 714357 | 3240s
round 120/500: niche t=1355 | front HV -1,829,913  gap +6 | evals 720360 | 3257s
round 121/500: niche t=118 | front HV -1,829,913  gap +6 | evals 726363 | 3349s
round 122/500: niche t=235 | front HV -1,829,913  gap +6 | evals 732366 | 3361s
round 123/500: niche t=352 | front HV -1,829,913  gap +6 | evals 738369 | 3374s
round 124/500: niche t=469 | front HV -1,829,913  gap +6 | evals 744372 | 3389s
round 125/500: niche t=574 | front HV -1,829,913  gap +6 | evals 750375 | 3406s
round 126/500: niche t=678 | front HV -1,829,913  gap +6 | evals 756378 | 3500s
round 127/500: niche t=775 | front HV -1,829,913  gap +6 | evals 762381 | 3517s
round 128/500: niche t=867 | front HV -1,829,913  gap +6 | evals 768384 | 3549s
round 129/500: niche t=923 | front HV -1,829,913  gap +6 | evals 774387 | 3581s
round 130/500: niche t=971 | front HV -1,829,913  gap +6 | evals 780390 | 3616s
round 131/500: niche t=1011 | front HV -1,829,913  gap +6 | evals 786393 | 3747s
round 132/500: niche t=1043 | front HV -1,829,913  gap +6 | evals 792396 | 3799s
round 133/500: niche t=1067 | front HV -1,829,913  gap +6 | evals 798399 | 3849s
round 134/500: niche t=1083 | front HV -1,829,913  gap +6 | evals 804402 | 3912s
round 135/500: niche t=1355 | front HV -1,829,913  gap +6 | evals 810405 | 3979s
round 136/500: niche t=118 | front HV -1,829,913  gap +6 | evals 816408 | 4109s
round 137/500: niche t=235 | front HV -1,829,913  gap +6 | evals 822411 | 4164s
round 138/500: niche t=352 | front HV -1,829,913  gap +6 | evals 828414 | 4218s
round 139/500: niche t=469 | front HV -1,829,913  gap +6 | evals 834417 | 4270s
round 140/500: niche t=574 | front HV -1,829,913  gap +6 | evals 840420 | 4324s
round 141/500: niche t=678 | front HV -1,829,913  gap +6 | evals 846423 | 4454s
round 142/500: niche t=775 | front HV -1,829,913  gap +6 | evals 852426 | 4509s
round 143/500: niche t=867 | front HV -1,829,913  gap +6 | evals 858429 | 4564s
round 144/500: niche t=923 | front HV -1,829,913  gap +6 | evals 864432 | 4619s
round 145/500: niche t=971 | front HV -1,829,913  gap +6 | evals 870435 | 4674s
round 146/500: niche t=1011 | front HV -1,829,913  gap +6 | evals 876438 | 4794s
round 147/500: niche t=1043 | front HV -1,829,913  gap +6 | evals 882441 | 4845s
round 148/500: niche t=1067 | front HV -1,829,913  gap +6 | evals 888444 | 4899s
round 149/500: niche t=1083 | front HV -1,829,913  gap +6 | evals 894447 | 4953s
round 150/500: niche t=1355 | front HV -1,829,913  gap +6 | evals 900450 | 5011s
round 151/500: niche t=118 | front HV -1,829,913  gap +6 | evals 906453 | 5133s
round 152/500: niche t=235 | front HV -1,829,913  gap +6 | evals 912456 | 5184s
round 153/500: niche t=352 | front HV -1,829,913  gap +6 | evals 918459 | 5238s
round 154/500: niche t=469 | front HV -1,829,913  gap +6 | evals 924462 | 5299s
round 155/500: niche t=574 | front HV -1,829,913  gap +6 | evals 930465 | 5353s
round 156/500: niche t=678 | front HV -1,829,913  gap +6 | evals 936468 | 5480s
round 157/500: niche t=775 | front HV -1,829,913  gap +6 | evals 942471 | 5532s
round 158/500: niche t=867 | front HV -1,829,913  gap +6 | evals 948474 | 5586s
round 159/500: niche t=923 | front HV -1,829,913  gap +6 | evals 954477 | 5640s
round 160/500: niche t=971 | front HV -1,829,913  gap +6 | evals 960480 | 5691s
round 161/500: niche t=1011 | front HV -1,829,913  gap +6 | evals 966483 | 5818s
round 162/500: niche t=1043 | front HV -1,829,913  gap +6 | evals 972486 | 5871s
round 163/500: niche t=1067 | front HV -1,829,913  gap +6 | evals 978489 | 5922s
round 164/500: niche t=1083 | front HV -1,829,913  gap +6 | evals 984492 | 5977s
round 165/500: niche t=1355 | front HV -1,829,913  gap +6 | evals 990495 | 6033s
round 166/500: niche t=118 | front HV -1,829,913  gap +6 | evals 996498 | 6155s
round 167/500: niche t=235 | front HV -1,829,913  gap +6 | evals 1002501 | 6193s
round 168/500: niche t=352 | front HV -1,829,913  gap +6 | evals 1008504 | 6228s
round 169/500: niche t=469 | front HV -1,829,913  gap +6 | evals 1014507 | 6266s
round 170/500: niche t=574 | front HV -1,829,913  gap +6 | evals 1020510 | 6302s
round 171/500: niche t=678 | front HV -1,829,913  gap +6 | evals 1026513 | 6405s
round 172/500: niche t=775 | front HV -1,829,913  gap +6 | evals 1032516 | 6435s
round 173/500: niche t=867 | front HV -1,829,913  gap +6 | evals 1038519 | 6472s
round 174/500: niche t=923 | front HV -1,829,913  gap +6 | evals 1044522 | 6507s
round 175/500: niche t=971 | front HV -1,829,913  gap +6 | evals 1050525 | 6544s
round 176/500: niche t=1011 | front HV -1,829,913  gap +6 | evals 1056528 | 6645s
round 177/500: niche t=1043 | front HV -1,829,913  gap +6 | evals 1062531 | 6673s
round 178/500: niche t=1067 | front HV -1,829,913  gap +6 | evals 1068534 | 6702s
round 179/500: niche t=1083 | front HV -1,829,913  gap +6 | evals 1074537 | 6731s
round 180/500: niche t=1355 | front HV -1,829,913  gap +6 | evals 1080540 | 6761s
round 181/500: niche t=118 | front HV -1,829,913  gap +6 | evals 1086543 | 6864s
round 182/500: niche t=235 | front HV -1,829,913  gap +6 | evals 1092546 | 6899s
round 183/500: niche t=352 | front HV -1,829,913  gap +6 | evals 1098549 | 6933s
round 184/500: niche t=469 | front HV -1,829,913  gap +6 | evals 1104552 | 6969s
round 185/500: niche t=574 | front HV -1,829,913  gap +6 | evals 1110555 | 7004s
round 186/500: niche t=678 | front HV -1,829,913  gap +6 | evals 1116558 | 7104s
round 187/500: niche t=775 | front HV -1,829,913  gap +6 | evals 1122561 | 7133s
round 188/500: niche t=867 | front HV -1,829,913  gap +6 | evals 1128564 | 7164s
round 189/500: niche t=923 | front HV -1,829,913  gap +6 | evals 1134567 | 7200s
round 190/500: niche t=971 | front HV -1,829,913  gap +6 | evals 1140570 | 7236s
round 191/500: niche t=1011 | front HV -1,829,913  gap +6 | evals 1146573 | 7339s
round 192/500: niche t=1043 | front HV -1,829,913  gap +6 | evals 1152576 | 7375s
round 193/500: niche t=1067 | front HV -1,829,913  gap +6 | evals 1158579 | 7409s
round 194/500: niche t=1083 | front HV -1,829,913  gap +6 | evals 1164582 | 7445s
round 195/500: niche t=1355 | front HV -1,829,913  gap +6 | evals 1170585 | 7484s
round 196/500: niche t=118 | front HV -1,829,913  gap +6 | evals 1176588 | 7590s
round 197/500: niche t=235 | front HV -1,829,913  gap +6 | evals 1182591 | 7625s
round 198/500: niche t=352 | front HV -1,829,913  gap +6 | evals 1188594 | 7660s
round 199/500: niche t=469 | front HV -1,829,913  gap +6 | evals 1194597 | 7695s
round 200/500: niche t=574 | front HV -1,829,913  gap +6 | evals 1200600 | 7730s
round 201/500: niche t=678 | front HV -1,829,913  gap +6 | evals 1206603 | 7846s
round 202/500: niche t=775 | front HV -1,829,913  gap +6 | evals 1212606 | 7910s
round 203/500: niche t=867 | front HV -1,829,913  gap +6 | evals 1218609 | 7973s
round 204/500: niche t=923 | front HV -1,829,913  gap +6 | evals 1224612 | 8032s
round 205/500: niche t=971 | front HV -1,829,913  gap +6 | evals 1230615 | 8092s
round 206/500: niche t=1011 | front HV -1,829,913  gap +6 | evals 1236618 | 8217s
round 207/500: niche t=1043 | front HV -1,829,913  gap +6 | evals 1242621 | 8267s
round 208/500: niche t=1067 | front HV -1,829,913  gap +6 | evals 1248624 | 8319s
round 209/500: niche t=1083 | front HV -1,829,913  gap +6 | evals 1254627 | 8370s
round 210/500: niche t=1355 | front HV -1,829,913  gap +6 | evals 1260630 | 8426s
round 211/500: niche t=118 | front HV -1,829,913  gap +6 | evals 1266633 | 8550s
round 212/500: niche t=235 | front HV -1,829,913  gap +6 | evals 1272636 | 8599s
round 213/500: niche t=352 | front HV -1,829,913  gap +6 | evals 1278639 | 8651s
round 214/500: niche t=469 | front HV -1,829,913  gap +6 | evals 1284642 | 8702s
round 215/500: niche t=574 | front HV -1,829,913  gap +6 | evals 1290645 | 8753s
round 216/500: niche t=678 | front HV -1,829,913  gap +6 | evals 1296648 | 8879s
round 217/500: niche t=775 | front HV -1,829,913  gap +6 | evals 1302651 | 8931s
round 218/500: niche t=867 | front HV -1,829,913  gap +6 | evals 1308654 | 8979s
round 219/500: niche t=923 | front HV -1,829,913  gap +6 | evals 1314657 | 9027s
round 220/500: niche t=971 | front HV -1,829,913  gap +6 | evals 1320660 | 9078s
round 221/500: niche t=1011 | front HV -1,829,913  gap +6 | evals 1326663 | 9202s
round 222/500: niche t=1043 | front HV -1,829,913  gap +6 | evals 1332666 | 9254s
round 223/500: niche t=1067 | front HV -1,829,913  gap +6 | evals 1338669 | 9307s
round 224/500: niche t=1083 | front HV -1,829,913  gap +6 | evals 1344672 | 9360s
round 225/500: niche t=1355 | front HV -1,829,913  gap +6 | evals 1350675 | 9415s
round 226/500: niche t=118 | front HV -1,829,913  gap +6 | evals 1356678 | 9539s
round 227/500: niche t=235 | front HV -1,829,913  gap +6 | evals 1362681 | 9589s
round 228/500: niche t=352 | front HV -1,829,913  gap +6 | evals 1368684 | 9640s
round 229/500: niche t=469 | front HV -1,829,913  gap +6 | evals 1374687 | 9691s
round 230/500: niche t=574 | front HV -1,829,913  gap +6 | evals 1380690 | 9741s
round 231/500: niche t=678 | front HV -1,829,913  gap +6 | evals 1386693 | 9864s
round 232/500: niche t=775 | front HV -1,829,913  gap +6 | evals 1392696 | 9916s
round 233/500: niche t=867 | front HV -1,829,913  gap +6 | evals 1398699 | 9966s
round 234/500: niche t=923 | front HV -1,829,913  gap +6 | evals 1404702 | 10017s
round 235/500: niche t=971 | front HV -1,829,913  gap +6 | evals 1410705 | 10069s
round 236/500: niche t=1011 | front HV -1,829,913  gap +6 | evals 1416708 | 10193s
round 237/500: niche t=1043 | front HV -1,829,913  gap +6 | evals 1422711 | 10241s
round 238/500: niche t=1067 | front HV -1,829,913  gap +6 | evals 1428714 | 10293s
round 239/500: niche t=1083 | front HV -1,829,913  gap +6 | evals 1434717 | 10344s
round 240/500: niche t=1355 | front HV -1,829,913  gap +6 | evals 1440720 | 10394s
round 241/500: niche t=118 | front HV -1,829,913  gap +6 | evals 1446723 | 10517s
round 242/500: niche t=235 | front HV -1,829,913  gap +6 | evals 1452726 | 10567s
round 243/500: niche t=352 | front HV -1,829,913  gap +6 | evals 1458729 | 10617s
round 244/500: niche t=469 | front HV -1,829,913  gap +6 | evals 1464732 | 10667s
round 245/500: niche t=574 | front HV -1,829,913  gap +6 | evals 1470735 | 10718s
round 246/500: niche t=678 | front HV -1,829,913  gap +6 | evals 1476738 | 10840s
round 247/500: niche t=775 | front HV -1,829,913  gap +6 | evals 1482741 | 10891s
round 248/500: niche t=867 | front HV -1,829,913  gap +6 | evals 1488744 | 10942s
round 249/500: niche t=923 | front HV -1,829,913  gap +6 | evals 1494747 | 10994s
round 250/500: niche t=971 | front HV -1,829,913  gap +6 | evals 1500750 | 11046s
round 251/500: niche t=1011 | front HV -1,829,913  gap +6 | evals 1506753 | 11178s
round 252/500: niche t=1043 | front HV -1,829,913  gap +6 | evals 1512756 | 11228s
round 253/500: niche t=1067 | front HV -1,829,913  gap +6 | evals 1518759 | 11279s
round 254/500: niche t=1083 | front HV -1,829,913  gap +6 | evals 1524762 | 11330s
round 255/500: niche t=1355 | front HV -1,829,913  gap +6 | evals 1530765 | 11383s
round 256/500: niche t=118 | front HV -1,829,913  gap +6 | evals 1536768 | 11508s
round 257/500: niche t=235 | front HV -1,829,913  gap +6 | evals 1542771 | 11556s
round 258/500: niche t=352 | front HV -1,829,913  gap +6 | evals 1548774 | 11609s
round 259/500: niche t=469 | front HV -1,829,913  gap +6 | evals 1554777 | 11661s
round 260/500: niche t=574 | front HV -1,829,913  gap +6 | evals 1560780 | 11713s
round 261/500: niche t=678 | front HV -1,829,913  gap +6 | evals 1566783 | 11837s
round 262/500: niche t=775 | front HV -1,829,913  gap +6 | evals 1572786 | 11888s
round 263/500: niche t=867 | front HV -1,829,913  gap +6 | evals 1578789 | 11940s
round 264/500: niche t=923 | front HV -1,829,913  gap +6 | evals 1584792 | 11990s
round 265/500: niche t=971 | front HV -1,829,913  gap +6 | evals 1590795 | 12042s
round 266/500: niche t=1011 | front HV -1,829,913  gap +6 | evals 1596798 | 12163s
round 267/500: niche t=1043 | front HV -1,829,913  gap +6 | evals 1602801 | 12215s
round 268/500: niche t=1067 | front HV -1,829,913  gap +6 | evals 1608804 | 12267s
round 269/500: niche t=1083 | front HV -1,829,913  gap +6 | evals 1614807 | 12315s
round 270/500: niche t=1355 | front HV -1,829,913  gap +6 | evals 1620810 | 12366s
round 271/500: niche t=118 | front HV -1,829,913  gap +6 | evals 1626813 | 12478s
round 272/500: niche t=235 | front HV -1,829,913  gap +6 | evals 1632816 | 12520s
round 273/500: niche t=352 | front HV -1,829,913  gap +6 | evals 1638819 | 12556s
round 274/500: niche t=469 | front HV -1,829,913  gap +6 | evals 1644822 | 12587s
round 275/500: niche t=574 | front HV -1,829,913  gap +6 | evals 1650825 | 12629s
round 276/500: niche t=678 | front HV -1,829,913  gap +6 | evals 1656828 | 12745s
round 277/500: niche t=775 | front HV -1,829,913  gap +6 | evals 1662831 | 12785s
round 278/500: niche t=867 | front HV -1,829,913  gap +6 | evals 1668834 | 12824s
round 279/500: niche t=923 | front HV -1,829,913  gap +6 | evals 1674837 | 12859s
round 280/500: niche t=971 | front HV -1,829,913  gap +6 | evals 1680840 | 12897s
round 281/500: niche t=1011 | front HV -1,829,913  gap +6 | evals 1686843 | 13024s
round 282/500: niche t=1043 | front HV -1,829,913  gap +6 | evals 1692846 | 13064s
round 283/500: niche t=1067 | front HV -1,829,913  gap +6 | evals 1698849 | 13104s
round 284/500: niche t=1083 | front HV -1,829,913  gap +6 | evals 1704852 | 13146s
round 285/500: niche t=1355 | front HV -1,829,913  gap +6 | evals 1710855 | 13208s
round 286/500: niche t=118 | front HV -1,829,913  gap +6 | evals 1716858 | 13337s
round 287/500: niche t=235 | front HV -1,829,913  gap +6 | evals 1722861 | 13395s
round 288/500: niche t=352 | front HV -1,829,913  gap +6 | evals 1728864 | 13453s
round 289/500: niche t=469 | front HV -1,829,913  gap +6 | evals 1734867 | 13505s
round 290/500: niche t=574 | front HV -1,829,913  gap +6 | evals 1740870 | 13553s
round 291/500: niche t=678 | front HV -1,829,913  gap +6 | evals 1746873 | 13674s
round 292/500: niche t=775 | front HV -1,829,913  gap +6 | evals 1752876 | 13720s
round 293/500: niche t=867 | front HV -1,829,913  gap +6 | evals 1758879 | 13766s
round 294/500: niche t=923 | front HV -1,829,913  gap +6 | evals 1764882 | 13813s
round 295/500: niche t=971 | front HV -1,829,913  gap +6 | evals 1770885 | 13860s
round 296/500: niche t=1011 | front HV -1,829,913  gap +6 | evals 1776888 | 13976s
round 297/500: niche t=1043 | front HV -1,829,913  gap +6 | evals 1782891 | 14014s
round 298/500: niche t=1067 | front HV -1,829,913  gap +6 | evals 1788894 | 14056s
round 299/500: niche t=1083 | front HV -1,829,913  gap +6 | evals 1794897 | 14097s
round 300/500: niche t=1355 | front HV -1,829,913  gap +6 | evals 1800900 | 14141s
round 301/500: niche t=118 | front HV -1,829,913  gap +6 | evals 1806903 | 14267s
round 302/500: niche t=235 | front HV -1,829,913  gap +6 | evals 1812906 | 14315s
round 303/500: niche t=352 | front HV -1,829,913  gap +6 | evals 1818909 | 14370s
round 304/500: niche t=469 | front HV -1,829,913  gap +6 | evals 1824912 | 14422s
round 305/500: niche t=574 | front HV -1,829,913  gap +6 | evals 1830915 | 14472s
round 306/500: niche t=678 | front HV -1,829,913  gap +6 | evals 1836918 | 14601s
round 307/500: niche t=775 | front HV -1,829,913  gap +6 | evals 1842921 | 14655s
round 308/500: niche t=867 | front HV -1,829,913  gap +6 | evals 1848924 | 14709s
round 309/500: niche t=923 | front HV -1,829,913  gap +6 | evals 1854927 | 14764s
round 310/500: niche t=971 | front HV -1,829,913  gap +6 | evals 1860930 | 14819s
round 311/500: niche t=1011 | front HV -1,829,913  gap +6 | evals 1866933 | 14943s
round 312/500: niche t=1043 | front HV -1,829,913  gap +6 | evals 1872936 | 14992s
round 313/500: niche t=1067 | front HV -1,829,913  gap +6 | evals 1878939 | 15040s
round 314/500: niche t=1083 | front HV -1,829,913  gap +6 | evals 1884942 | 15080s
round 315/500: niche t=1355 | front HV -1,829,913  gap +6 | evals 1890945 | 15117s
round 316/500: niche t=118 | front HV -1,829,913  gap +6 | evals 1896948 | 15218s
round 317/500: niche t=235 | front HV -1,829,913  gap +6 | evals 1902951 | 15246s
round 318/500: niche t=352 | front HV -1,829,913  gap +6 | evals 1908954 | 15281s
round 319/500: niche t=469 | front HV -1,829,913  gap +6 | evals 1914957 | 15317s
round 320/500: niche t=574 | front HV -1,829,913  gap +6 | evals 1920960 | 15353s
round 321/500: niche t=678 | front HV -1,829,913  gap +6 | evals 1926963 | 15461s
round 322/500: niche t=775 | front HV -1,829,913  gap +6 | evals 1932966 | 15497s
round 323/500: niche t=867 | front HV -1,829,913  gap +6 | evals 1938969 | 15533s
round 324/500: niche t=923 | front HV -1,829,913  gap +6 | evals 1944972 | 15568s
round 325/500: niche t=971 | front HV -1,829,913  gap +6 | evals 1950975 | 15603s
round 326/500: niche t=1011 | front HV -1,829,913  gap +6 | evals 1956978 | 15711s
round 327/500: niche t=1043 | front HV -1,829,913  gap +6 | evals 1962981 | 15747s
round 328/500: niche t=1067 | front HV -1,829,913  gap +6 | evals 1968984 | 15783s
round 329/500: niche t=1083 | front HV -1,829,913  gap +6 | evals 1974987 | 15818s
round 330/500: niche t=1355 | front HV -1,829,913  gap +6 | evals 1980990 | 15854s
round 331/500: niche t=118 | front HV -1,829,913  gap +6 | evals 1986993 | 15956s
round 332/500: niche t=235 | front HV -1,829,913  gap +6 | evals 1992996 | 15987s
round 333/500: niche t=352 | front HV -1,829,913  gap +6 | evals 1998999 | 16023s
round 334/500: niche t=469 | front HV -1,829,913  gap +6 | evals 2005002 | 16059s
round 335/500: niche t=574 | front HV -1,829,913  gap +6 | evals 2011005 | 16093s
round 336/500: niche t=678 | front HV -1,829,913  gap +6 | evals 2017008 | 16196s
round 337/500: niche t=775 | front HV -1,829,913  gap +6 | evals 2023011 | 16225s
round 338/500: niche t=867 | front HV -1,829,913  gap +6 | evals 2029014 | 16253s
round 339/500: niche t=923 | front HV -1,829,913  gap +6 | evals 2035017 | 16281s
round 340/500: niche t=971 | front HV -1,829,913  gap +6 | evals 2041020 | 16312s
round 341/500: niche t=1011 | front HV -1,829,913  gap +6 | evals 2047023 | 16420s
round 342/500: niche t=1043 | front HV -1,829,913  gap +6 | evals 2053026 | 16455s
round 343/500: niche t=1067 | front HV -1,829,913  gap +6 | evals 2059029 | 16491s
round 344/500: niche t=1083 | front HV -1,829,913  gap +6 | evals 2065032 | 16526s
round 345/500: niche t=1355 | front HV -1,829,913  gap +6 | evals 2071035 | 16562s
round 346/500: niche t=118 | front HV -1,829,913  gap +6 | evals 2077038 | 16666s
round 347/500: niche t=235 | front HV -1,829,913  gap +6 | evals 2083041 | 16701s
round 348/500: niche t=352 | front HV -1,829,913  gap +6 | evals 2089044 | 16735s
round 349/500: niche t=469 | front HV -1,829,913  gap +6 | evals 2095047 | 16771s
round 350/500: niche t=574 | front HV -1,829,913  gap +6 | evals 2101050 | 16805s
round 351/500: niche t=678 | front HV -1,829,913  gap +6 | evals 2107053 | 16909s
round 352/500: niche t=775 | front HV -1,829,913  gap +6 | evals 2113056 | 16944s
round 353/500: niche t=867 | front HV -1,829,913  gap +6 | evals 2119059 | 16979s
round 354/500: niche t=923 | front HV -1,829,913  gap +6 | evals 2125062 | 17015s
round 355/500: niche t=971 | front HV -1,829,913  gap +6 | evals 2131065 | 17051s
round 356/500: niche t=1011 | front HV -1,829,913  gap +6 | evals 2137068 | 17154s
round 357/500: niche t=1043 | front HV -1,829,913  gap +6 | evals 2143071 | 17189s
round 358/500: niche t=1067 | front HV -1,829,913  gap +6 | evals 2149074 | 17225s
round 359/500: niche t=1083 | front HV -1,829,913  gap +6 | evals 2155077 | 17260s
round 360/500: niche t=1355 | front HV -1,829,913  gap +6 | evals 2161080 | 17297s
round 361/500: niche t=118 | front HV -1,829,913  gap +6 | evals 2167083 | 17398s
round 362/500: niche t=235 | front HV -1,829,913  gap +6 | evals 2173086 | 17427s
round 363/500: niche t=352 | front HV -1,829,913  gap +6 | evals 2179089 | 17455s
round 364/500: niche t=469 | front HV -1,829,913  gap +6 | evals 2185092 | 17484s
round 365/500: niche t=574 | front HV -1,829,913  gap +6 | evals 2191095 | 17514s
round 366/500: niche t=678 | front HV -1,829,913  gap +6 | evals 2197098 | 17622s
round 367/500: niche t=775 | front HV -1,829,913  gap +6 | evals 2203101 | 17657s
round 368/500: niche t=867 | front HV -1,829,913  gap +6 | evals 2209104 | 17693s
round 369/500: niche t=923 | front HV -1,829,913  gap +6 | evals 2215107 | 17728s
round 370/500: niche t=971 | front HV -1,829,913  gap +6 | evals 2221110 | 17763s
round 371/500: niche t=1011 | front HV -1,829,913  gap +6 | evals 2227113 | 17866s
round 372/500: niche t=1043 | front HV -1,829,913  gap +6 | evals 2233116 | 17894s
round 373/500: niche t=1067 | front HV -1,829,913  gap +6 | evals 2239119 | 17923s
round 374/500: niche t=1083 | front HV -1,829,913  gap +6 | evals 2245122 | 17934s
round 375/500: niche t=1355 | front HV -1,829,913  gap +6 | evals 2251125 | 17944s
round 376/500: niche t=118 | front HV -1,829,913  gap +6 | evals 2257128 | 18031s
round 377/500: niche t=235 | front HV -1,829,913  gap +6 | evals 2263131 | 18048s
round 378/500: niche t=352 | front HV -1,829,913  gap +6 | evals 2269134 | 18064s
round 379/500: niche t=469 | front HV -1,829,913  gap +6 | evals 2275137 | 18080s
round 380/500: niche t=574 | front HV -1,829,913  gap +6 | evals 2281140 | 18095s
round 381/500: niche t=678 | front HV -1,829,913  gap +6 | evals 2287143 | 18188s
round 382/500: niche t=775 | front HV -1,829,913  gap +6 | evals 2293146 | 18209s
round 383/500: niche t=867 | front HV -1,829,913  gap +6 | evals 2299149 | 18224s
round 384/500: niche t=923 | front HV -1,829,913  gap +6 | evals 2305152 | 18240s
round 385/500: niche t=971 | front HV -1,829,913  gap +6 | evals 2311155 | 18256s
round 386/500: niche t=1011 | front HV -1,829,913  gap +6 | evals 2317158 | 18345s
round 387/500: niche t=1043 | front HV -1,829,913  gap +6 | evals 2323161 | 18360s
round 388/500: niche t=1067 | front HV -1,829,913  gap +6 | evals 2329164 | 18375s
round 389/500: niche t=1083 | front HV -1,829,913  gap +6 | evals 2335167 | 18391s
round 390/500: niche t=1355 | front HV -1,829,913  gap +6 | evals 2341170 | 18410s
round 391/500: niche t=118 | front HV -1,829,913  gap +6 | evals 2347173 | 18500s
round 392/500: niche t=235 | front HV -1,829,913  gap +6 | evals 2353176 | 18515s
round 393/500: niche t=352 | front HV -1,829,913  gap +6 | evals 2359179 | 18530s
round 394/500: niche t=469 | front HV -1,829,913  gap +6 | evals 2365182 | 18545s
round 395/500: niche t=574 | front HV -1,829,913  gap +6 | evals 2371185 | 18560s
round 396/500: niche t=678 | front HV -1,829,913  gap +6 | evals 2377188 | 18648s
round 397/500: niche t=775 | front HV -1,829,913  gap +6 | evals 2383191 | 18663s
round 398/500: niche t=867 | front HV -1,829,913  gap +6 | evals 2389194 | 18675s
round 399/500: niche t=923 | front HV -1,829,913  gap +6 | evals 2395197 | 18694s
round 400/500: niche t=971 | front HV -1,829,913  gap +6 | evals 2401200 | 18744s
round 401/500: niche t=1011 | front HV -1,829,913  gap +6 | evals 2407203 | 18845s
round 402/500: niche t=1043 | front HV -1,829,913  gap +6 | evals 2413206 | 18874s
round 403/500: niche t=1067 | front HV -1,829,913  gap +6 | evals 2419209 | 18902s
round 404/500: niche t=1083 | front HV -1,829,913  gap +6 | evals 2425212 | 18936s
round 405/500: niche t=1355 | front HV -1,829,913  gap +6 | evals 2431215 | 18972s
round 406/500: niche t=118 | front HV -1,829,913  gap +6 | evals 2437218 | 19085s
round 407/500: niche t=235 | front HV -1,829,913  gap +6 | evals 2443221 | 19121s
round 408/500: niche t=352 | front HV -1,829,913  gap +6 | evals 2449224 | 19155s
round 409/500: niche t=469 | front HV -1,829,913  gap +6 | evals 2455227 | 19190s
round 410/500: niche t=574 | front HV -1,829,913  gap +6 | evals 2461230 | 19226s
round 411/500: niche t=678 | front HV -1,829,913  gap +6 | evals 2467233 | 19348s
round 412/500: niche t=775 | front HV -1,829,913  gap +6 | evals 2473236 | 19418s
round 413/500: niche t=867 | front HV -1,829,913  gap +6 | evals 2479239 | 19485s
round 414/500: niche t=923 | front HV -1,829,913  gap +6 | evals 2485242 | 19555s
round 415/500: niche t=971 | front HV -1,829,913  gap +6 | evals 2491245 | 19617s
round 416/500: niche t=1011 | front HV -1,829,913  gap +6 | evals 2497248 | 19742s
round 417/500: niche t=1043 | front HV -1,829,913  gap +6 | evals 2503251 | 19789s
round 418/500: niche t=1067 | front HV -1,829,913  gap +6 | evals 2509254 | 19828s
round 419/500: niche t=1083 | front HV -1,829,913  gap +6 | evals 2515257 | 19856s
round 420/500: niche t=1355 | front HV -1,829,913  gap +6 | evals 2521260 | 19897s
round 421/500: niche t=118 | front HV -1,829,913  gap +6 | evals 2527263 | 20011s
round 422/500: niche t=235 | front HV -1,829,913  gap +6 | evals 2533266 | 20046s
round 423/500: niche t=352 | front HV -1,829,913  gap +6 | evals 2539269 | 20081s
round 424/500: niche t=469 | front HV -1,829,913  gap +6 | evals 2545272 | 20116s
round 425/500: niche t=574 | front HV -1,829,913  gap +6 | evals 2551275 | 20151s
round 426/500: niche t=678 | front HV -1,829,913  gap +6 | evals 2557278 | 20271s
round 427/500: niche t=775 | front HV -1,829,913  gap +6 | evals 2563281 | 20315s
round 428/500: niche t=867 | front HV -1,829,913  gap +6 | evals 2569284 | 20362s
round 429/500: niche t=923 | front HV -1,829,913  gap +6 | evals 2575287 | 20412s
round 430/500: niche t=971 | front HV -1,829,913  gap +6 | evals 2581290 | 20466s
round 431/500: niche t=1011 | front HV -1,829,913  gap +6 | evals 2587293 | 20587s
round 432/500: niche t=1043 | front HV -1,829,913  gap +6 | evals 2593296 | 20641s
round 433/500: niche t=1067 | front HV -1,829,913  gap +6 | evals 2599299 | 20697s
round 434/500: niche t=1083 | front HV -1,829,913  gap +6 | evals 2605302 | 20750s
round 435/500: niche t=1355 | front HV -1,829,913  gap +6 | evals 2611305 | 20801s
round 436/500: niche t=118 | front HV -1,829,913  gap +6 | evals 2617308 | 20907s
round 437/500: niche t=235 | front HV -1,829,913  gap +6 | evals 2623311 | 20943s
round 438/500: niche t=352 | front HV -1,829,913  gap +6 | evals 2629314 | 20979s
round 439/500: niche t=469 | front HV -1,829,913  gap +6 | evals 2635317 | 21014s
round 440/500: niche t=574 | front HV -1,829,913  gap +6 | evals 2641320 | 21049s
round 441/500: niche t=678 | front HV -1,829,913  gap +6 | evals 2647323 | 21155s
round 442/500: niche t=775 | front HV -1,829,913  gap +6 | evals 2653326 | 21190s
round 443/500: niche t=867 | front HV -1,829,913  gap +6 | evals 2659329 | 21224s
round 444/500: niche t=923 | front HV -1,829,913  gap +6 | evals 2665332 | 21259s
round 445/500: niche t=971 | front HV -1,829,913  gap +6 | evals 2671335 | 21294s
round 446/500: niche t=1011 | front HV -1,829,913  gap +6 | evals 2677338 | 21396s
round 447/500: niche t=1043 | front HV -1,829,913  gap +6 | evals 2683341 | 21430s
round 448/500: niche t=1067 | front HV -1,829,913  gap +6 | evals 2689344 | 21464s
round 449/500: niche t=1083 | front HV -1,829,913  gap +6 | evals 2695347 | 21499s
round 450/500: niche t=1355 | front HV -1,829,913  gap +6 | evals 2701350 | 21535s
round 451/500: niche t=118 | front HV -1,829,913  gap +6 | evals 2707353 | 21643s
round 452/500: niche t=235 | front HV -1,829,913  gap +6 | evals 2713356 | 21678s
round 453/500: niche t=352 | front HV -1,829,913  gap +6 | evals 2719359 | 21712s
round 454/500: niche t=469 | front HV -1,829,913  gap +6 | evals 2725362 | 21747s
round 455/500: niche t=574 | front HV -1,829,913  gap +6 | evals 2731365 | 21782s
round 456/500: niche t=678 | front HV -1,829,913  gap +6 | evals 2737368 | 21883s
round 457/500: niche t=775 | front HV -1,829,913  gap +6 | evals 2743371 | 21911s
round 458/500: niche t=867 | front HV -1,829,913  gap +6 | evals 2749374 | 21944s
round 459/500: niche t=923 | front HV -1,829,913  gap +6 | evals 2755377 | 21978s
round 460/500: niche t=971 | front HV -1,829,913  gap +6 | evals 2761380 | 22013s
round 461/500: niche t=1011 | front HV -1,829,913  gap +6 | evals 2767383 | 22116s
round 462/500: niche t=1043 | front HV -1,829,913  gap +6 | evals 2773386 | 22150s
round 463/500: niche t=1067 | front HV -1,829,913  gap +6 | evals 2779389 | 22184s
round 464/500: niche t=1083 | front HV -1,829,913  gap +6 | evals 2785392 | 22221s
round 465/500: niche t=1355 | front HV -1,829,913  gap +6 | evals 2791395 | 22258s
round 466/500: niche t=118 | front HV -1,829,913  gap +6 | evals 2797398 | 22361s
round 467/500: niche t=235 | front HV -1,829,913  gap +6 | evals 2803401 | 22395s
round 468/500: niche t=352 | front HV -1,829,913  gap +6 | evals 2809404 | 22432s
round 469/500: niche t=469 | front HV -1,829,913  gap +6 | evals 2815407 | 22468s
round 470/500: niche t=574 | front HV -1,829,913  gap +6 | evals 2821410 | 22502s
round 471/500: niche t=678 | front HV -1,829,913  gap +6 | evals 2827413 | 22608s
round 472/500: niche t=775 | front HV -1,829,913  gap +6 | evals 2833416 | 22642s
round 473/500: niche t=867 | front HV -1,829,913  gap +6 | evals 2839419 | 22677s
round 474/500: niche t=923 | front HV -1,829,913  gap +6 | evals 2845422 | 22711s
round 475/500: niche t=971 | front HV -1,829,913  gap +6 | evals 2851425 | 22746s
round 476/500: niche t=1011 | front HV -1,829,913  gap +6 | evals 2857428 | 22846s
round 477/500: niche t=1043 | front HV -1,829,913  gap +6 | evals 2863431 | 22875s
round 478/500: niche t=1067 | front HV -1,829,913  gap +6 | evals 2869434 | 22903s
round 479/500: niche t=1083 | front HV -1,829,913  gap +6 | evals 2875437 | 22931s
round 480/500: niche t=1355 | front HV -1,829,913  gap +6 | evals 2881440 | 22960s
round 481/500: niche t=118 | front HV -1,829,913  gap +6 | evals 2887443 | 23080s
round 482/500: niche t=235 | front HV -1,829,913  gap +6 | evals 2893446 | 23126s
round 483/500: niche t=352 | front HV -1,829,913  gap +6 | evals 2899449 | 23172s
round 484/500: niche t=469 | front HV -1,829,913  gap +6 | evals 2905452 | 23219s
round 485/500: niche t=574 | front HV -1,829,913  gap +6 | evals 2911455 | 23264s
round 486/500: niche t=678 | front HV -1,829,913  gap +6 | evals 2917458 | 23383s
round 487/500: niche t=775 | front HV -1,829,913  gap +6 | evals 2923461 | 23425s
round 488/500: niche t=867 | front HV -1,829,913  gap +6 | evals 2929464 | 23470s
round 489/500: niche t=923 | front HV -1,829,913  gap +6 | evals 2935467 | 23518s
round 490/500: niche t=971 | front HV -1,829,913  gap +6 | evals 2941470 | 23567s
round 491/500: niche t=1011 | front HV -1,829,913  gap +6 | evals 2947473 | 23685s
round 492/500: niche t=1043 | front HV -1,829,913  gap +6 | evals 2953476 | 23728s
round 493/500: niche t=1067 | front HV -1,829,913  gap +6 | evals 2959479 | 23774s
round 494/500: niche t=1083 | front HV -1,829,913  gap +6 | evals 2965482 | 23824s
round 495/500: niche t=1355 | front HV -1,829,913  gap +6 | evals 2971485 | 23873s
round 496/500: niche t=118 | front HV -1,829,913  gap +6 | evals 2977488 | 23994s
round 497/500: niche t=235 | front HV -1,829,913  gap +6 | evals 2983491 | 24038s
round 498/500: niche t=352 | front HV -1,829,913  gap +6 | evals 2989494 | 24082s
round 499/500: niche t=469 | front HV -1,829,913  gap +6 | evals 2995497 | 24126s
round 500/500: niche t=574 | front HV -1,829,913  gap +6 | evals 3001500 | 24168s

Final front HV = -1,829,913  gap +6
saved -> submissions/small-graph/mapelites.json
